axi_protocol_converter_v2_1_27_b2s_r_channel: 
logic__91: 
counter: 
case__4: 
datapath__6: 
logic__172: 
case__61: 
logic__8: 
reg__12: 
logic__197: 
logic__27: 
datapath__8: 
logic__82: 
case__13: 
axi_register_slice_v2_1_27_axi_register_slice: 
logic__147: 
case__5: 
datapath__16: 
logic__41: 
reg__22: 
reg__4: 
datapath__2: 
dsrl__2: 
logic__13: 
logic__103: 
reg__20: 
reg__8: 
logic__52: 
reg__41: 
reg__36: 
reg__25: 
datapath__9: 
case__16: 
reg__42: 
case__64: 
reg__1: 
reg__39: 
logic__120: 
logic__119: 
datapath__11: 
logic__217: 
logic__171: 
logic__106: 
case__7: 
axi_infrastructure_v1_1_0_axi2vector__parameterized0: 
case__66: 
addsub__3: 
logic__89: 
datapath__10: 
datapath__7: 
reg__49: 
reg__47: 
case__38: 
axi_register_slice_v2_1_27_axic_register_slice__parameterized1: 
axi_protocol_converter_v2_1_27_b2s_wrap_cmd: 
axi_protocol_converter_v2_1_27_b2s_simple_fifo: 
logic__225: 
axi_register_slice_v2_1_27_axic_register_slice__parameterized4: 
case__11: 
logic__78: 
logic__22: 
case__20: 
axi_protocol_converter_v2_1_27_b2s_aw_channel: 
signinv__2: 
case__19: 
case__62: 
axi_protocol_converter_v2_1_27_b2s_cmd_translator: 
axi_protocol_converter_v2_1_27_b2s_b_channel: 
logic__140: 
axi_protocol_converter_v2_1_27_b2s_simple_fifo__parameterized0: 
case__9: 
axi_register_slice_v2_1_27_axic_register_slice: 
logic__161: 
addsub__2: 
datapath__13: 
reg__29: 
case__14: 
case__69: 
logic__175: 
case__67: 
reg__38: 
axi_infrastructure_v1_1_0_vector2axi__parameterized0: 
case__43: 
logic__77: 
datapath__14: 
axi_protocol_converter_v2_1_27_b2s_ar_channel: 
case__1: 
logic__102: 
logic__179: 
case__71: 
logic__124: 
reg__10: 
signinv__1: 
logic__9: 
logic__113: 
case__21: 
logic__36: 
reg__44: 
reg__13: 
logic__37: 
logic__159: 
case__24: 
reg__2: 
case__22: 
dsrl__3: 
reg__30: 
case__2: 
case__41: 
logic__180: 
signinv: 
case__70: 
case__15: 
axi_protocol_converter_v2_1_27_axi_protocol_converter: 
signinv__4: 
case__68: 
logic__196: 
MLZedboard_auto_pc_0: 
logic__145: 
axi_protocol_converter_v2_1_27_b2s_rd_cmd_fsm: 
reg__46: 
logic__220: 
case__65: 
axi_register_slice_v2_1_27_axic_register_slice__parameterized0: 
dsrl: 
logic__73: 
logic__90: 
logic__203: 
logic__148: 
axi_register_slice_v2_1_27_axic_register_slice__parameterized3: 
logic__14: 
axi_protocol_converter_v2_1_27_b2s: 
case__42: 
reg__40: 
logic__174: 
logic__53: 
axi_register_slice_v2_1_27_axic_register_slice__parameterized6: 
datapath__12: 
addsub: 
signinv__3: 
logic__226: 
case: 
case__26: 
case__59: 
axi_register_slice_v2_1_27_axi_register_slice__parameterized0: 
logic__210: 
case__23: 
logic__183: 
logic__92: 
logic__198: 
logic__118: 
logic__206: 
axi_protocol_converter_v2_1_27_b2s_simple_fifo__parameterized2: 
counter__2: 
case__63: 
logic__192: 
case__12: 
reg__35: 
reg__14: 
logic__154: 
logic__116: 
logic__181: 
reg__19: 
reg__3: 
logic__211: 
reg__34: 
logic__173: 
datapath__5: 
logic__48: 
logic__182: 
reg__31: 
case__48: 
case__17: 
reg__24: 
logic__164: 
logic__121: 
logic: 
logic__104: 
logic__44: 
logic__117: 
logic__111: 
case__47: 
logic__224: 
reg__45: 
logic__79: 
counter__1: 
reg__21: 
logic__189: 
axi_infrastructure_v1_1_0_axi2vector: 
reg__5: 
logic__105: 
logic__112: 
axi_protocol_converter_v2_1_27_b2s_wr_cmd_fsm: 
reg__43: 
logic__184: 
reg: 
addsub__1: 
logic__1: 
reg__18: 
axi_infrastructure_v1_1_0_vector2axi: 
logic__151: 
datapath: 
logic__178: 
reg__32: 
logic__160: 
case__8: 
reg__7: 
logic__38: 
reg__37: 
case__40: 
axi_protocol_converter_v2_1_27_b2s_incr_cmd: 
reg__33: 
logic__19: 
case__44: 
logic__212: 
logic__45: 
reg__23: 
logic__107: 
axi_register_slice_v2_1_27_axic_register_slice__parameterized2: 
logic__146: 
case__60: 
logic__158: 
logic__95: 
axi_register_slice_v2_1_27_axic_register_slice__parameterized5: 
case__10: 
datapath__15: 
logic__30: 
reg__11: 
reg__48: 
datapath__3: 
case__39: 
case__6: 
reg__17: 
logic__12: 
datapath__17: 
reg__6: 
axi_protocol_converter_v2_1_27_b2s_simple_fifo__parameterized1: 
reg__9: 
logic__167: 
reg__28: 
case__3: 
logic__98: 
dsrl__1: 
datapath__4: 
logic__85: 
case__18: 
logic__144: 
datapath__1: 
