/inst/inference__GC0:2213689157
/inst/grp_dense_latency_ap_fixed_16_6_5_3_0_ap_fixed_8_2_5_3_0_config2_s_fu_4719/inference_dense_latency_ap_fixed_16_6_5_3_0_ap_fixed_8_2_5_3_0_config2_s__GB6:3565316105
/inst/grp_dense_latency_ap_fixed_16_6_5_3_0_ap_fixed_8_2_5_3_0_config2_s_fu_4719/inference_dense_latency_ap_fixed_16_6_5_3_0_ap_fixed_8_2_5_3_0_config2_s__GB5:1300969907
/inst/grp_dense_latency_ap_fixed_16_6_5_3_0_ap_fixed_8_2_5_3_0_config2_s_fu_4719/inference_dense_latency_ap_fixed_16_6_5_3_0_ap_fixed_8_2_5_3_0_config2_s__GB4:982255909
/inst/grp_dense_latency_ap_fixed_16_6_5_3_0_ap_fixed_8_2_5_3_0_config2_s_fu_4719/inference_dense_latency_ap_fixed_16_6_5_3_0_ap_fixed_8_2_5_3_0_config2_s__GB3:2766707846
/inst/grp_dense_latency_ap_fixed_16_6_5_3_0_ap_fixed_8_2_5_3_0_config2_s_fu_4719/inference_dense_latency_ap_fixed_16_6_5_3_0_ap_fixed_8_2_5_3_0_config2_s__GB2:3555699728
/inst/grp_dense_latency_ap_fixed_16_6_5_3_0_ap_fixed_8_2_5_3_0_config2_s_fu_4719/inference_dense_latency_ap_fixed_16_6_5_3_0_ap_fixed_8_2_5_3_0_config2_s__GB1:1256652202
/inst/grp_dense_latency_ap_fixed_16_6_5_3_0_ap_fixed_8_2_5_3_0_config2_s_fu_4719/inference_dense_latency_ap_fixed_16_6_5_3_0_ap_fixed_8_2_5_3_0_config2_s__GB0:1038208316
